// Jest Snapshot v1, https://goo.gl/fbAQLP

exports[`Test for Screen2 should render loading state 1`] = `
<MockedProvider
  addTypename={false}
  mocks={
    Array [
      Object {
        "request": Object {
          "query": Object {
            "definitions": Array [
              Object {
                "directives": Array [],
                "kind": "OperationDefinition",
                "name": undefined,
                "operation": "query",
                "selectionSet": Object {
                  "kind": "SelectionSet",
                  "selections": Array [
                    Object {
                      "alias": undefined,
                      "arguments": Array [
                        Object {
                          "kind": "Argument",
                          "name": Object {
                            "kind": "Name",
                            "value": "name",
                          },
                          "value": Object {
                            "block": false,
                            "kind": "StringValue",
                            "value": "123",
                          },
                        },
                      ],
                      "directives": Array [],
                      "kind": "Field",
                      "name": Object {
                        "kind": "Name",
                        "value": "getUserDetails",
                      },
                      "selectionSet": Object {
                        "kind": "SelectionSet",
                        "selections": Array [
                          Object {
                            "alias": undefined,
                            "arguments": Array [],
                            "directives": Array [],
                            "kind": "Field",
                            "name": Object {
                              "kind": "Name",
                              "value": "name",
                            },
                            "selectionSet": undefined,
                          },
                          Object {
                            "alias": undefined,
                            "arguments": Array [],
                            "directives": Array [],
                            "kind": "Field",
                            "name": Object {
                              "kind": "Name",
                              "value": "description",
                            },
                            "selectionSet": undefined,
                          },
                          Object {
                            "alias": undefined,
                            "arguments": Array [],
                            "directives": Array [],
                            "kind": "Field",
                            "name": Object {
                              "kind": "Name",
                              "value": "url",
                            },
                            "selectionSet": undefined,
                          },
                          Object {
                            "alias": undefined,
                            "arguments": Array [],
                            "directives": Array [],
                            "kind": "Field",
                            "name": Object {
                              "kind": "Name",
                              "value": "profileUrl",
                            },
                            "selectionSet": undefined,
                          },
                        ],
                      },
                    },
                  ],
                },
                "variableDefinitions": Array [],
              },
            ],
            "kind": "Document",
            "loc": Object {
              "end": 111,
              "start": 0,
            },
          },
        },
        "result": [Function],
      },
      Object {
        "request": Object {
          "query": Object {
            "definitions": Array [
              Object {
                "directives": Array [],
                "kind": "OperationDefinition",
                "name": Object {
                  "kind": "Name",
                  "value": "AddProfile",
                },
                "operation": "mutation",
                "selectionSet": Object {
                  "kind": "SelectionSet",
                  "selections": Array [
                    Object {
                      "alias": undefined,
                      "arguments": Array [
                        Object {
                          "kind": "Argument",
                          "name": Object {
                            "kind": "Name",
                            "value": "name",
                          },
                          "value": Object {
                            "block": false,
                            "kind": "StringValue",
                            "value": "123",
                          },
                        },
                        Object {
                          "kind": "Argument",
                          "name": Object {
                            "kind": "Name",
                            "value": "profileUrl",
                          },
                          "value": Object {
                            "kind": "Variable",
                            "name": Object {
                              "kind": "Name",
                              "value": "url",
                            },
                          },
                        },
                      ],
                      "directives": Array [],
                      "kind": "Field",
                      "name": Object {
                        "kind": "Name",
                        "value": "addProfilePicture",
                      },
                      "selectionSet": Object {
                        "kind": "SelectionSet",
                        "selections": Array [
                          Object {
                            "alias": undefined,
                            "arguments": Array [],
                            "directives": Array [],
                            "kind": "Field",
                            "name": Object {
                              "kind": "Name",
                              "value": "name",
                            },
                            "selectionSet": undefined,
                          },
                          Object {
                            "alias": undefined,
                            "arguments": Array [],
                            "directives": Array [],
                            "kind": "Field",
                            "name": Object {
                              "kind": "Name",
                              "value": "profileUrl",
                            },
                            "selectionSet": undefined,
                          },
                        ],
                      },
                    },
                  ],
                },
                "variableDefinitions": Array [
                  Object {
                    "defaultValue": undefined,
                    "directives": Array [],
                    "kind": "VariableDefinition",
                    "type": Object {
                      "kind": "NonNullType",
                      "type": Object {
                        "kind": "NamedType",
                        "name": Object {
                          "kind": "Name",
                          "value": "String",
                        },
                      },
                    },
                    "variable": Object {
                      "kind": "Variable",
                      "name": Object {
                        "kind": "Name",
                        "value": "url",
                      },
                    },
                  },
                ],
              },
            ],
            "kind": "Document",
            "loc": Object {
              "end": 133,
              "start": 0,
            },
          },
          "variables": Object {
            "url": "People/Amanda.jpeg",
          },
        },
        "result": [Function],
      },
    ]
  }
>
  <ApolloProvider
    client={
      ApolloClient {
        "cache": InMemoryCache {
          "addTypename": false,
          "config": Object {
            "addTypename": false,
            "dataIdFromObject": [Function],
            "resultCaching": true,
            "typePolicies": Object {},
          },
          "data": Root {
            "canRead": [Function],
            "data": Object {},
            "getFieldValue": [Function],
            "group": CacheGroup {
              "caching": true,
              "d": [Function],
              "keyMaker": KeyTrie {
                "makeData": [Function],
                "weakness": true,
              },
            },
            "policies": Policies {
              "cache": [Circular],
              "config": Object {
                "cache": [Circular],
                "dataIdFromObject": [Function],
                "possibleTypes": undefined,
                "typePolicies": Object {},
              },
              "fuzzySubtypes": Map {},
              "rootIdsByTypename": Object {
                "Mutation": "ROOT_MUTATION",
                "Query": "ROOT_QUERY",
                "Subscription": "ROOT_SUBSCRIPTION",
              },
              "rootTypenamesById": Object {
                "ROOT_MUTATION": "Mutation",
                "ROOT_QUERY": "Query",
                "ROOT_SUBSCRIPTION": "Subscription",
              },
              "supertypeMap": Map {},
              "toBeAdded": Object {},
              "typePolicies": Object {},
              "usingPossibleTypes": false,
            },
            "refs": Object {},
            "rootIds": Object {},
            "sharedLayerGroup": CacheGroup {
              "caching": true,
              "d": [Function],
              "keyMaker": KeyTrie {
                "makeData": [Function],
                "weakness": true,
              },
            },
            "storageTrie": KeyTrie {
              "makeData": [Function],
              "weakness": true,
            },
            "toReference": [Function],
          },
          "getFragmentDoc": [Function],
          "makeVar": [Function],
          "maybeBroadcastWatch": [Function],
          "optimisticData": Root {
            "canRead": [Function],
            "data": Object {},
            "getFieldValue": [Function],
            "group": CacheGroup {
              "caching": true,
              "d": [Function],
              "keyMaker": KeyTrie {
                "makeData": [Function],
                "weakness": true,
              },
            },
            "policies": Policies {
              "cache": [Circular],
              "config": Object {
                "cache": [Circular],
                "dataIdFromObject": [Function],
                "possibleTypes": undefined,
                "typePolicies": Object {},
              },
              "fuzzySubtypes": Map {},
              "rootIdsByTypename": Object {
                "Mutation": "ROOT_MUTATION",
                "Query": "ROOT_QUERY",
                "Subscription": "ROOT_SUBSCRIPTION",
              },
              "rootTypenamesById": Object {
                "ROOT_MUTATION": "Mutation",
                "ROOT_QUERY": "Query",
                "ROOT_SUBSCRIPTION": "Subscription",
              },
              "supertypeMap": Map {},
              "toBeAdded": Object {},
              "typePolicies": Object {},
              "usingPossibleTypes": false,
            },
            "refs": Object {},
            "rootIds": Object {},
            "sharedLayerGroup": CacheGroup {
              "caching": true,
              "d": [Function],
              "keyMaker": KeyTrie {
                "makeData": [Function],
                "weakness": true,
              },
            },
            "storageTrie": KeyTrie {
              "makeData": [Function],
              "weakness": true,
            },
            "toReference": [Function],
          },
          "policies": Policies {
            "cache": [Circular],
            "config": Object {
              "cache": [Circular],
              "dataIdFromObject": [Function],
              "possibleTypes": undefined,
              "typePolicies": Object {},
            },
            "fuzzySubtypes": Map {},
            "rootIdsByTypename": Object {
              "Mutation": "ROOT_MUTATION",
              "Query": "ROOT_QUERY",
              "Subscription": "ROOT_SUBSCRIPTION",
            },
            "rootTypenamesById": Object {
              "ROOT_MUTATION": "Mutation",
              "ROOT_QUERY": "Query",
              "ROOT_SUBSCRIPTION": "Subscription",
            },
            "supertypeMap": Map {},
            "toBeAdded": Object {},
            "typePolicies": Object {},
            "usingPossibleTypes": false,
          },
          "storeReader": StoreReader {
            "config": Object {
              "addTypename": false,
              "cache": [Circular],
            },
            "executeSelectionSet": [Function],
            "executeSubSelectedArray": [Function],
            "knownResults": WeakMap {},
          },
          "storeWriter": StoreWriter {
            "cache": [Circular],
            "reader": StoreReader {
              "config": Object {
                "addTypename": false,
                "cache": [Circular],
              },
              "executeSelectionSet": [Function],
              "executeSubSelectedArray": [Function],
              "knownResults": WeakMap {},
            },
          },
          "txCount": 0,
          "typenameDocumentCache": Map {},
          "watchDep": [Function],
          "watches": Set {},
        },
        "clearStoreCallbacks": Array [],
        "defaultOptions": Object {},
        "disableNetworkFetches": false,
        "link": MockLink {
          "addTypename": false,
          "mockedResponsesByKey": Object {
            "{\\"query\\":\\"mutation AddProfile($url: String!) {\\\\n  addProfilePicture(name: \\\\\\"123\\\\\\", profileUrl: $url) {\\\\n    name\\\\n    profileUrl\\\\n  }\\\\n}\\\\n\\"}": Array [
              Object {
                "request": Object {
                  "query": Object {
                    "definitions": Array [
                      Object {
                        "directives": Array [],
                        "kind": "OperationDefinition",
                        "name": Object {
                          "kind": "Name",
                          "value": "AddProfile",
                        },
                        "operation": "mutation",
                        "selectionSet": Object {
                          "kind": "SelectionSet",
                          "selections": Array [
                            Object {
                              "alias": undefined,
                              "arguments": Array [
                                Object {
                                  "kind": "Argument",
                                  "name": Object {
                                    "kind": "Name",
                                    "value": "name",
                                  },
                                  "value": Object {
                                    "block": false,
                                    "kind": "StringValue",
                                    "value": "123",
                                  },
                                },
                                Object {
                                  "kind": "Argument",
                                  "name": Object {
                                    "kind": "Name",
                                    "value": "profileUrl",
                                  },
                                  "value": Object {
                                    "kind": "Variable",
                                    "name": Object {
                                      "kind": "Name",
                                      "value": "url",
                                    },
                                  },
                                },
                              ],
                              "directives": Array [],
                              "kind": "Field",
                              "name": Object {
                                "kind": "Name",
                                "value": "addProfilePicture",
                              },
                              "selectionSet": Object {
                                "kind": "SelectionSet",
                                "selections": Array [
                                  Object {
                                    "alias": undefined,
                                    "arguments": Array [],
                                    "directives": Array [],
                                    "kind": "Field",
                                    "name": Object {
                                      "kind": "Name",
                                      "value": "name",
                                    },
                                    "selectionSet": undefined,
                                  },
                                  Object {
                                    "alias": undefined,
                                    "arguments": Array [],
                                    "directives": Array [],
                                    "kind": "Field",
                                    "name": Object {
                                      "kind": "Name",
                                      "value": "profileUrl",
                                    },
                                    "selectionSet": undefined,
                                  },
                                ],
                              },
                            },
                          ],
                        },
                        "variableDefinitions": Array [
                          Object {
                            "defaultValue": undefined,
                            "directives": Array [],
                            "kind": "VariableDefinition",
                            "type": Object {
                              "kind": "NonNullType",
                              "type": Object {
                                "kind": "NamedType",
                                "name": Object {
                                  "kind": "Name",
                                  "value": "String",
                                },
                              },
                            },
                            "variable": Object {
                              "kind": "Variable",
                              "name": Object {
                                "kind": "Name",
                                "value": "url",
                              },
                            },
                          },
                        ],
                      },
                    ],
                    "kind": "Document",
                    "loc": Object {
                      "end": 133,
                      "start": 0,
                    },
                  },
                  "variables": Object {
                    "url": "People/Amanda.jpeg",
                  },
                },
                "result": [Function],
              },
            ],
            "{\\"query\\":\\"{\\\\n  getUserDetails(name: \\\\\\"123\\\\\\") {\\\\n    name\\\\n    description\\\\n    url\\\\n    profileUrl\\\\n  }\\\\n}\\\\n\\"}": Array [
              Object {
                "request": Object {
                  "query": Object {
                    "definitions": Array [
                      Object {
                        "directives": Array [],
                        "kind": "OperationDefinition",
                        "name": undefined,
                        "operation": "query",
                        "selectionSet": Object {
                          "kind": "SelectionSet",
                          "selections": Array [
                            Object {
                              "alias": undefined,
                              "arguments": Array [
                                Object {
                                  "kind": "Argument",
                                  "name": Object {
                                    "kind": "Name",
                                    "value": "name",
                                  },
                                  "value": Object {
                                    "block": false,
                                    "kind": "StringValue",
                                    "value": "123",
                                  },
                                },
                              ],
                              "directives": Array [],
                              "kind": "Field",
                              "name": Object {
                                "kind": "Name",
                                "value": "getUserDetails",
                              },
                              "selectionSet": Object {
                                "kind": "SelectionSet",
                                "selections": Array [
                                  Object {
                                    "alias": undefined,
                                    "arguments": Array [],
                                    "directives": Array [],
                                    "kind": "Field",
                                    "name": Object {
                                      "kind": "Name",
                                      "value": "name",
                                    },
                                    "selectionSet": undefined,
                                  },
                                  Object {
                                    "alias": undefined,
                                    "arguments": Array [],
                                    "directives": Array [],
                                    "kind": "Field",
                                    "name": Object {
                                      "kind": "Name",
                                      "value": "description",
                                    },
                                    "selectionSet": undefined,
                                  },
                                  Object {
                                    "alias": undefined,
                                    "arguments": Array [],
                                    "directives": Array [],
                                    "kind": "Field",
                                    "name": Object {
                                      "kind": "Name",
                                      "value": "url",
                                    },
                                    "selectionSet": undefined,
                                  },
                                  Object {
                                    "alias": undefined,
                                    "arguments": Array [],
                                    "directives": Array [],
                                    "kind": "Field",
                                    "name": Object {
                                      "kind": "Name",
                                      "value": "profileUrl",
                                    },
                                    "selectionSet": undefined,
                                  },
                                ],
                              },
                            },
                          ],
                        },
                        "variableDefinitions": Array [],
                      },
                    ],
                    "kind": "Document",
                    "loc": Object {
                      "end": 111,
                      "start": 0,
                    },
                  },
                },
                "result": [Function],
              },
            ],
          },
        },
        "localState": LocalState {
          "cache": InMemoryCache {
            "addTypename": false,
            "config": Object {
              "addTypename": false,
              "dataIdFromObject": [Function],
              "resultCaching": true,
              "typePolicies": Object {},
            },
            "data": Root {
              "canRead": [Function],
              "data": Object {},
              "getFieldValue": [Function],
              "group": CacheGroup {
                "caching": true,
                "d": [Function],
                "keyMaker": KeyTrie {
                  "makeData": [Function],
                  "weakness": true,
                },
              },
              "policies": Policies {
                "cache": [Circular],
                "config": Object {
                  "cache": [Circular],
                  "dataIdFromObject": [Function],
                  "possibleTypes": undefined,
                  "typePolicies": Object {},
                },
                "fuzzySubtypes": Map {},
                "rootIdsByTypename": Object {
                  "Mutation": "ROOT_MUTATION",
                  "Query": "ROOT_QUERY",
                  "Subscription": "ROOT_SUBSCRIPTION",
                },
                "rootTypenamesById": Object {
                  "ROOT_MUTATION": "Mutation",
                  "ROOT_QUERY": "Query",
                  "ROOT_SUBSCRIPTION": "Subscription",
                },
                "supertypeMap": Map {},
                "toBeAdded": Object {},
                "typePolicies": Object {},
                "usingPossibleTypes": false,
              },
              "refs": Object {},
              "rootIds": Object {},
              "sharedLayerGroup": CacheGroup {
                "caching": true,
                "d": [Function],
                "keyMaker": KeyTrie {
                  "makeData": [Function],
                  "weakness": true,
                },
              },
              "storageTrie": KeyTrie {
                "makeData": [Function],
                "weakness": true,
              },
              "toReference": [Function],
            },
            "getFragmentDoc": [Function],
            "makeVar": [Function],
            "maybeBroadcastWatch": [Function],
            "optimisticData": Root {
              "canRead": [Function],
              "data": Object {},
              "getFieldValue": [Function],
              "group": CacheGroup {
                "caching": true,
                "d": [Function],
                "keyMaker": KeyTrie {
                  "makeData": [Function],
                  "weakness": true,
                },
              },
              "policies": Policies {
                "cache": [Circular],
                "config": Object {
                  "cache": [Circular],
                  "dataIdFromObject": [Function],
                  "possibleTypes": undefined,
                  "typePolicies": Object {},
                },
                "fuzzySubtypes": Map {},
                "rootIdsByTypename": Object {
                  "Mutation": "ROOT_MUTATION",
                  "Query": "ROOT_QUERY",
                  "Subscription": "ROOT_SUBSCRIPTION",
                },
                "rootTypenamesById": Object {
                  "ROOT_MUTATION": "Mutation",
                  "ROOT_QUERY": "Query",
                  "ROOT_SUBSCRIPTION": "Subscription",
                },
                "supertypeMap": Map {},
                "toBeAdded": Object {},
                "typePolicies": Object {},
                "usingPossibleTypes": false,
              },
              "refs": Object {},
              "rootIds": Object {},
              "sharedLayerGroup": CacheGroup {
                "caching": true,
                "d": [Function],
                "keyMaker": KeyTrie {
                  "makeData": [Function],
                  "weakness": true,
                },
              },
              "storageTrie": KeyTrie {
                "makeData": [Function],
                "weakness": true,
              },
              "toReference": [Function],
            },
            "policies": Policies {
              "cache": [Circular],
              "config": Object {
                "cache": [Circular],
                "dataIdFromObject": [Function],
                "possibleTypes": undefined,
                "typePolicies": Object {},
              },
              "fuzzySubtypes": Map {},
              "rootIdsByTypename": Object {
                "Mutation": "ROOT_MUTATION",
                "Query": "ROOT_QUERY",
                "Subscription": "ROOT_SUBSCRIPTION",
              },
              "rootTypenamesById": Object {
                "ROOT_MUTATION": "Mutation",
                "ROOT_QUERY": "Query",
                "ROOT_SUBSCRIPTION": "Subscription",
              },
              "supertypeMap": Map {},
              "toBeAdded": Object {},
              "typePolicies": Object {},
              "usingPossibleTypes": false,
            },
            "storeReader": StoreReader {
              "config": Object {
                "addTypename": false,
                "cache": [Circular],
              },
              "executeSelectionSet": [Function],
              "executeSubSelectedArray": [Function],
              "knownResults": WeakMap {},
            },
            "storeWriter": StoreWriter {
              "cache": [Circular],
              "reader": StoreReader {
                "config": Object {
                  "addTypename": false,
                  "cache": [Circular],
                },
                "executeSelectionSet": [Function],
                "executeSubSelectedArray": [Function],
                "knownResults": WeakMap {},
              },
            },
            "txCount": 0,
            "typenameDocumentCache": Map {},
            "watchDep": [Function],
            "watches": Set {},
          },
          "client": [Circular],
        },
        "mutate": [Function],
        "query": [Function],
        "queryDeduplication": true,
        "queryManager": QueryManager {
          "assumeImmutableResults": false,
          "cache": InMemoryCache {
            "addTypename": false,
            "config": Object {
              "addTypename": false,
              "dataIdFromObject": [Function],
              "resultCaching": true,
              "typePolicies": Object {},
            },
            "data": Root {
              "canRead": [Function],
              "data": Object {},
              "getFieldValue": [Function],
              "group": CacheGroup {
                "caching": true,
                "d": [Function],
                "keyMaker": KeyTrie {
                  "makeData": [Function],
                  "weakness": true,
                },
              },
              "policies": Policies {
                "cache": [Circular],
                "config": Object {
                  "cache": [Circular],
                  "dataIdFromObject": [Function],
                  "possibleTypes": undefined,
                  "typePolicies": Object {},
                },
                "fuzzySubtypes": Map {},
                "rootIdsByTypename": Object {
                  "Mutation": "ROOT_MUTATION",
                  "Query": "ROOT_QUERY",
                  "Subscription": "ROOT_SUBSCRIPTION",
                },
                "rootTypenamesById": Object {
                  "ROOT_MUTATION": "Mutation",
                  "ROOT_QUERY": "Query",
                  "ROOT_SUBSCRIPTION": "Subscription",
                },
                "supertypeMap": Map {},
                "toBeAdded": Object {},
                "typePolicies": Object {},
                "usingPossibleTypes": false,
              },
              "refs": Object {},
              "rootIds": Object {},
              "sharedLayerGroup": CacheGroup {
                "caching": true,
                "d": [Function],
                "keyMaker": KeyTrie {
                  "makeData": [Function],
                  "weakness": true,
                },
              },
              "storageTrie": KeyTrie {
                "makeData": [Function],
                "weakness": true,
              },
              "toReference": [Function],
            },
            "getFragmentDoc": [Function],
            "makeVar": [Function],
            "maybeBroadcastWatch": [Function],
            "optimisticData": Root {
              "canRead": [Function],
              "data": Object {},
              "getFieldValue": [Function],
              "group": CacheGroup {
                "caching": true,
                "d": [Function],
                "keyMaker": KeyTrie {
                  "makeData": [Function],
                  "weakness": true,
                },
              },
              "policies": Policies {
                "cache": [Circular],
                "config": Object {
                  "cache": [Circular],
                  "dataIdFromObject": [Function],
                  "possibleTypes": undefined,
                  "typePolicies": Object {},
                },
                "fuzzySubtypes": Map {},
                "rootIdsByTypename": Object {
                  "Mutation": "ROOT_MUTATION",
                  "Query": "ROOT_QUERY",
                  "Subscription": "ROOT_SUBSCRIPTION",
                },
                "rootTypenamesById": Object {
                  "ROOT_MUTATION": "Mutation",
                  "ROOT_QUERY": "Query",
                  "ROOT_SUBSCRIPTION": "Subscription",
                },
                "supertypeMap": Map {},
                "toBeAdded": Object {},
                "typePolicies": Object {},
                "usingPossibleTypes": false,
              },
              "refs": Object {},
              "rootIds": Object {},
              "sharedLayerGroup": CacheGroup {
                "caching": true,
                "d": [Function],
                "keyMaker": KeyTrie {
                  "makeData": [Function],
                  "weakness": true,
                },
              },
              "storageTrie": KeyTrie {
                "makeData": [Function],
                "weakness": true,
              },
              "toReference": [Function],
            },
            "policies": Policies {
              "cache": [Circular],
              "config": Object {
                "cache": [Circular],
                "dataIdFromObject": [Function],
                "possibleTypes": undefined,
                "typePolicies": Object {},
              },
              "fuzzySubtypes": Map {},
              "rootIdsByTypename": Object {
                "Mutation": "ROOT_MUTATION",
                "Query": "ROOT_QUERY",
                "Subscription": "ROOT_SUBSCRIPTION",
              },
              "rootTypenamesById": Object {
                "ROOT_MUTATION": "Mutation",
                "ROOT_QUERY": "Query",
                "ROOT_SUBSCRIPTION": "Subscription",
              },
              "supertypeMap": Map {},
              "toBeAdded": Object {},
              "typePolicies": Object {},
              "usingPossibleTypes": false,
            },
            "storeReader": StoreReader {
              "config": Object {
                "addTypename": false,
                "cache": [Circular],
              },
              "executeSelectionSet": [Function],
              "executeSubSelectedArray": [Function],
              "knownResults": WeakMap {},
            },
            "storeWriter": StoreWriter {
              "cache": [Circular],
              "reader": StoreReader {
                "config": Object {
                  "addTypename": false,
                  "cache": [Circular],
                },
                "executeSelectionSet": [Function],
                "executeSubSelectedArray": [Function],
                "knownResults": WeakMap {},
              },
            },
            "txCount": 0,
            "typenameDocumentCache": Map {},
            "watchDep": [Function],
            "watches": Set {},
          },
          "clientAwareness": Object {
            "name": undefined,
            "version": undefined,
          },
          "fetchCancelFns": Map {},
          "inFlightLinkObservables": Map {},
          "link": MockLink {
            "addTypename": false,
            "mockedResponsesByKey": Object {
              "{\\"query\\":\\"mutation AddProfile($url: String!) {\\\\n  addProfilePicture(name: \\\\\\"123\\\\\\", profileUrl: $url) {\\\\n    name\\\\n    profileUrl\\\\n  }\\\\n}\\\\n\\"}": Array [
                Object {
                  "request": Object {
                    "query": Object {
                      "definitions": Array [
                        Object {
                          "directives": Array [],
                          "kind": "OperationDefinition",
                          "name": Object {
                            "kind": "Name",
                            "value": "AddProfile",
                          },
                          "operation": "mutation",
                          "selectionSet": Object {
                            "kind": "SelectionSet",
                            "selections": Array [
                              Object {
                                "alias": undefined,
                                "arguments": Array [
                                  Object {
                                    "kind": "Argument",
                                    "name": Object {
                                      "kind": "Name",
                                      "value": "name",
                                    },
                                    "value": Object {
                                      "block": false,
                                      "kind": "StringValue",
                                      "value": "123",
                                    },
                                  },
                                  Object {
                                    "kind": "Argument",
                                    "name": Object {
                                      "kind": "Name",
                                      "value": "profileUrl",
                                    },
                                    "value": Object {
                                      "kind": "Variable",
                                      "name": Object {
                                        "kind": "Name",
                                        "value": "url",
                                      },
                                    },
                                  },
                                ],
                                "directives": Array [],
                                "kind": "Field",
                                "name": Object {
                                  "kind": "Name",
                                  "value": "addProfilePicture",
                                },
                                "selectionSet": Object {
                                  "kind": "SelectionSet",
                                  "selections": Array [
                                    Object {
                                      "alias": undefined,
                                      "arguments": Array [],
                                      "directives": Array [],
                                      "kind": "Field",
                                      "name": Object {
                                        "kind": "Name",
                                        "value": "name",
                                      },
                                      "selectionSet": undefined,
                                    },
                                    Object {
                                      "alias": undefined,
                                      "arguments": Array [],
                                      "directives": Array [],
                                      "kind": "Field",
                                      "name": Object {
                                        "kind": "Name",
                                        "value": "profileUrl",
                                      },
                                      "selectionSet": undefined,
                                    },
                                  ],
                                },
                              },
                            ],
                          },
                          "variableDefinitions": Array [
                            Object {
                              "defaultValue": undefined,
                              "directives": Array [],
                              "kind": "VariableDefinition",
                              "type": Object {
                                "kind": "NonNullType",
                                "type": Object {
                                  "kind": "NamedType",
                                  "name": Object {
                                    "kind": "Name",
                                    "value": "String",
                                  },
                                },
                              },
                              "variable": Object {
                                "kind": "Variable",
                                "name": Object {
                                  "kind": "Name",
                                  "value": "url",
                                },
                              },
                            },
                          ],
                        },
                      ],
                      "kind": "Document",
                      "loc": Object {
                        "end": 133,
                        "start": 0,
                      },
                    },
                    "variables": Object {
                      "url": "People/Amanda.jpeg",
                    },
                  },
                  "result": [Function],
                },
              ],
              "{\\"query\\":\\"{\\\\n  getUserDetails(name: \\\\\\"123\\\\\\") {\\\\n    name\\\\n    description\\\\n    url\\\\n    profileUrl\\\\n  }\\\\n}\\\\n\\"}": Array [
                Object {
                  "request": Object {
                    "query": Object {
                      "definitions": Array [
                        Object {
                          "directives": Array [],
                          "kind": "OperationDefinition",
                          "name": undefined,
                          "operation": "query",
                          "selectionSet": Object {
                            "kind": "SelectionSet",
                            "selections": Array [
                              Object {
                                "alias": undefined,
                                "arguments": Array [
                                  Object {
                                    "kind": "Argument",
                                    "name": Object {
                                      "kind": "Name",
                                      "value": "name",
                                    },
                                    "value": Object {
                                      "block": false,
                                      "kind": "StringValue",
                                      "value": "123",
                                    },
                                  },
                                ],
                                "directives": Array [],
                                "kind": "Field",
                                "name": Object {
                                  "kind": "Name",
                                  "value": "getUserDetails",
                                },
                                "selectionSet": Object {
                                  "kind": "SelectionSet",
                                  "selections": Array [
                                    Object {
                                      "alias": undefined,
                                      "arguments": Array [],
                                      "directives": Array [],
                                      "kind": "Field",
                                      "name": Object {
                                        "kind": "Name",
                                        "value": "name",
                                      },
                                      "selectionSet": undefined,
                                    },
                                    Object {
                                      "alias": undefined,
                                      "arguments": Array [],
                                      "directives": Array [],
                                      "kind": "Field",
                                      "name": Object {
                                        "kind": "Name",
                                        "value": "description",
                                      },
                                      "selectionSet": undefined,
                                    },
                                    Object {
                                      "alias": undefined,
                                      "arguments": Array [],
                                      "directives": Array [],
                                      "kind": "Field",
                                      "name": Object {
                                        "kind": "Name",
                                        "value": "url",
                                      },
                                      "selectionSet": undefined,
                                    },
                                    Object {
                                      "alias": undefined,
                                      "arguments": Array [],
                                      "directives": Array [],
                                      "kind": "Field",
                                      "name": Object {
                                        "kind": "Name",
                                        "value": "profileUrl",
                                      },
                                      "selectionSet": undefined,
                                    },
                                  ],
                                },
                              },
                            ],
                          },
                          "variableDefinitions": Array [],
                        },
                      ],
                      "kind": "Document",
                      "loc": Object {
                        "end": 111,
                        "start": 0,
                      },
                    },
                  },
                  "result": [Function],
                },
              ],
            },
          },
          "localState": LocalState {
            "cache": InMemoryCache {
              "addTypename": false,
              "config": Object {
                "addTypename": false,
                "dataIdFromObject": [Function],
                "resultCaching": true,
                "typePolicies": Object {},
              },
              "data": Root {
                "canRead": [Function],
                "data": Object {},
                "getFieldValue": [Function],
                "group": CacheGroup {
                  "caching": true,
                  "d": [Function],
                  "keyMaker": KeyTrie {
                    "makeData": [Function],
                    "weakness": true,
                  },
                },
                "policies": Policies {
                  "cache": [Circular],
                  "config": Object {
                    "cache": [Circular],
                    "dataIdFromObject": [Function],
                    "possibleTypes": undefined,
                    "typePolicies": Object {},
                  },
                  "fuzzySubtypes": Map {},
                  "rootIdsByTypename": Object {
                    "Mutation": "ROOT_MUTATION",
                    "Query": "ROOT_QUERY",
                    "Subscription": "ROOT_SUBSCRIPTION",
                  },
                  "rootTypenamesById": Object {
                    "ROOT_MUTATION": "Mutation",
                    "ROOT_QUERY": "Query",
                    "ROOT_SUBSCRIPTION": "Subscription",
                  },
                  "supertypeMap": Map {},
                  "toBeAdded": Object {},
                  "typePolicies": Object {},
                  "usingPossibleTypes": false,
                },
                "refs": Object {},
                "rootIds": Object {},
                "sharedLayerGroup": CacheGroup {
                  "caching": true,
                  "d": [Function],
                  "keyMaker": KeyTrie {
                    "makeData": [Function],
                    "weakness": true,
                  },
                },
                "storageTrie": KeyTrie {
                  "makeData": [Function],
                  "weakness": true,
                },
                "toReference": [Function],
              },
              "getFragmentDoc": [Function],
              "makeVar": [Function],
              "maybeBroadcastWatch": [Function],
              "optimisticData": Root {
                "canRead": [Function],
                "data": Object {},
                "getFieldValue": [Function],
                "group": CacheGroup {
                  "caching": true,
                  "d": [Function],
                  "keyMaker": KeyTrie {
                    "makeData": [Function],
                    "weakness": true,
                  },
                },
                "policies": Policies {
                  "cache": [Circular],
                  "config": Object {
                    "cache": [Circular],
                    "dataIdFromObject": [Function],
                    "possibleTypes": undefined,
                    "typePolicies": Object {},
                  },
                  "fuzzySubtypes": Map {},
                  "rootIdsByTypename": Object {
                    "Mutation": "ROOT_MUTATION",
                    "Query": "ROOT_QUERY",
                    "Subscription": "ROOT_SUBSCRIPTION",
                  },
                  "rootTypenamesById": Object {
                    "ROOT_MUTATION": "Mutation",
                    "ROOT_QUERY": "Query",
                    "ROOT_SUBSCRIPTION": "Subscription",
                  },
                  "supertypeMap": Map {},
                  "toBeAdded": Object {},
                  "typePolicies": Object {},
                  "usingPossibleTypes": false,
                },
                "refs": Object {},
                "rootIds": Object {},
                "sharedLayerGroup": CacheGroup {
                  "caching": true,
                  "d": [Function],
                  "keyMaker": KeyTrie {
                    "makeData": [Function],
                    "weakness": true,
                  },
                },
                "storageTrie": KeyTrie {
                  "makeData": [Function],
                  "weakness": true,
                },
                "toReference": [Function],
              },
              "policies": Policies {
                "cache": [Circular],
                "config": Object {
                  "cache": [Circular],
                  "dataIdFromObject": [Function],
                  "possibleTypes": undefined,
                  "typePolicies": Object {},
                },
                "fuzzySubtypes": Map {},
                "rootIdsByTypename": Object {
                  "Mutation": "ROOT_MUTATION",
                  "Query": "ROOT_QUERY",
                  "Subscription": "ROOT_SUBSCRIPTION",
                },
                "rootTypenamesById": Object {
                  "ROOT_MUTATION": "Mutation",
                  "ROOT_QUERY": "Query",
                  "ROOT_SUBSCRIPTION": "Subscription",
                },
                "supertypeMap": Map {},
                "toBeAdded": Object {},
                "typePolicies": Object {},
                "usingPossibleTypes": false,
              },
              "storeReader": StoreReader {
                "config": Object {
                  "addTypename": false,
                  "cache": [Circular],
                },
                "executeSelectionSet": [Function],
                "executeSubSelectedArray": [Function],
                "knownResults": WeakMap {},
              },
              "storeWriter": StoreWriter {
                "cache": [Circular],
                "reader": StoreReader {
                  "config": Object {
                    "addTypename": false,
                    "cache": [Circular],
                  },
                  "executeSelectionSet": [Function],
                  "executeSubSelectedArray": [Function],
                  "knownResults": WeakMap {},
                },
              },
              "txCount": 0,
              "typenameDocumentCache": Map {},
              "watchDep": [Function],
              "watches": Set {},
            },
            "client": [Circular],
          },
          "mutationIdCounter": 1,
          "mutationStore": Object {},
          "onBroadcast": [Function],
          "queries": Map {},
          "queryDeduplication": true,
          "queryIdCounter": 1,
          "requestIdCounter": 1,
          "ssrMode": false,
          "transformCache": WeakMap {},
        },
        "reFetchObservableQueries": [Function],
        "resetStore": [Function],
        "resetStoreCallbacks": Array [],
        "typeDefs": undefined,
        "version": "3.3.6",
        "watchQuery": [Function],
      }
    }
  >
    <Screen2
      navigation={
        Object {
          "navigate": [MockFunction] {
            "calls": Array [
              Array [
                "StatReadScreen",
              ],
            ],
            "results": Array [
              Object {
                "type": "return",
                "value": undefined,
              },
            ],
          },
        }
      }
      route={
        Object {
          "params": Object {
            "pic": "People/Amanda.jpeg",
          },
        }
      }
    >
      <View
        style={
          Object {
            "alignItems": "center",
            "flex": 1,
            "height": "100%",
            "width": "100%",
          }
        }
      >
        <View
          style={
            Object {
              "alignItems": "center",
              "flex": 1,
              "height": "100%",
              "width": "100%",
            }
          }
        >
          <View
            style={
              Object {
                "backgroundColor": "white",
                "borderColor": "#000",
                "borderRadius": 5,
                "borderWidth": 2,
                "flexDirection": "row",
                "height": 10,
                "width": "100%",
              }
            }
          >
            <View
              style={
                Object {
                  "backgroundColor": "white",
                  "borderColor": "#000",
                  "borderRadius": 5,
                  "borderWidth": 2,
                  "flexDirection": "row",
                  "height": 10,
                  "width": "100%",
                }
              }
            >
              <ForwardRef(AnimatedComponentWrapper)
                style={
                  Object {
                    "backgroundColor": "#3a4eab",
                    "width": "100%",
                  }
                }
              >
                <AnimatedComponent
                  style={
                    Object {
                      "backgroundColor": "#3a4eab",
                      "width": "100%",
                    }
                  }
                >
                  <View
                    style={
                      Object {
                        "backgroundColor": "#3a4eab",
                        "width": "0%",
                      }
                    }
                  >
                    <View
                      style={
                        Object {
                          "backgroundColor": "#3a4eab",
                          "width": "0%",
                        }
                      }
                    />
                  </View>
                </AnimatedComponent>
              </ForwardRef(AnimatedComponentWrapper)>
            </View>
          </View>
          <Image
            source="People/Amanda.jpeg"
            style={
              Object {
                "height": "50%",
                "width": "90%",
              }
            }
          >
            <Image
              source="People/Amanda.jpeg"
              style={
                Object {
                  "height": "50%",
                  "width": "90%",
                }
              }
            />
          </Image>
        </View>
      </View>
    </Screen2>
  </ApolloProvider>
</MockedProvider>
`;
